[velikorodnov.com/html/wowedding/home_2.html]
[backblue.gif]
[fade.gif]
[index.html]
[velikorodnov.com/html/wowedding/font/linearicons/demo.css]
[velikorodnov.com/html/wowedding/font/fontello/fontello.css]
[velikorodnov.com/html/wowedding/plugins/fancybox/jquery.fancybox.css]
[velikorodnov.com/html/wowedding/css/bootstrap-grid.min.css]
[velikorodnov.com/html/wowedding/css/owl.carousel.css]
[velikorodnov.com/html/wowedding/css/style.css]
[velikorodnov.com/html/wowedding/css/responsive.css]
[velikorodnov.com/html/wowedding/index.html]
[velikorodnov.com/html/wowedding/images/logo-white.png]
[velikorodnov.com/html/wowedding/images/1920x1092_bg1.jpg]
[velikorodnov.com/html/wowedding/images/title.png]
[velikorodnov.com/html/wowedding/images/960x672_img1.jpg]
[velikorodnov.com/html/wowedding/images/960x672_img2.jpg]
[velikorodnov.com/html/wowedding/images/560x588_img1.jpg]
[velikorodnov.com/html/wowedding/images/900x588_img2.jpg]
[velikorodnov.com/html/wowedding/images/440x588_img2.jpg]
[velikorodnov.com/html/wowedding/images/900x588_img1.jpg]
[velikorodnov.com/html/wowedding/images/440x588_img1.jpg]
[velikorodnov.com/html/wowedding/images/560x588_img2.jpg]
[velikorodnov.com/html/wowedding/images/315x315_photo2.jpg]
[velikorodnov.com/html/wowedding/images/315x315_photo1.jpg]
[velikorodnov.com/html/wowedding/images/315x315_photo3.jpg]
[velikorodnov.com/html/wowedding/images/315x315_photo4.jpg]
[velikorodnov.com/html/wowedding/images/315x315_photo5.jpg]
[velikorodnov.com/html/wowedding/images/315x315_photo6.jpg]
[velikorodnov.com/html/wowedding/images/315x315_photo8.jpg]
[velikorodnov.com/html/wowedding/images/315x315_photo7.jpg]
[velikorodnov.com/html/wowedding/images/1920x1000_bg1.jpg]
[velikorodnov.com/html/wowedding/images/430x308_img1.jpg]
[velikorodnov.com/html/wowedding/images/430x308_img2.jpg]
[velikorodnov.com/html/wowedding/images/430x308_img3.jpg]
[velikorodnov.com/html/wowedding/images/960x1078_bg1.jpg]
[velikorodnov.com/html/wowedding/images/brand1.png]
[velikorodnov.com/html/wowedding/images/brand2.png]
[velikorodnov.com/html/wowedding/images/brand3.png]
[velikorodnov.com/html/wowedding/images/brand4.png]
[velikorodnov.com/html/wowedding/images/brand5.png]
[velikorodnov.com/html/wowedding/images/brand6.png]
[velikorodnov.com/html/wowedding/js/libs/jquery.modernizr.js]
[velikorodnov.com/html/wowedding/js/libs/retina.min.js]
[velikorodnov.com/html/wowedding/plugins/instafeed.min.js]
[velikorodnov.com/html/wowedding/js/libs/jquery-2.2.4.min.js]
[velikorodnov.com/html/wowedding/plugins/mad.tabs.js]
[velikorodnov.com/html/wowedding/plugins/mad.customselect.js]
[velikorodnov.com/html/wowedding/plugins/owl.carousel.min.js]
[velikorodnov.com/html/wowedding/plugins/vivus.js]
[velikorodnov.com/html/wowedding/plugins/pathformer.js]
[velikorodnov.com/html/wowedding/plugins/jquery.localScroll.min.js]
[velikorodnov.com/html/wowedding/plugins/jquery.scrollTo.min.js]
[velikorodnov.com/html/wowedding/plugins/fancybox/jquery.fancybox.min.js]
[velikorodnov.com/html/wowedding/js/libs/jquery-ui.min.js]
[velikorodnov.com/html/wowedding/plugins/jquery.queryloader2.min.js]
[velikorodnov.com/html/wowedding/js/plugins.js]
[velikorodnov.com/html/wowedding/js/script.js]
[velikorodnov.com/html/wowedding/home_2.html]
[velikorodnov.com/html/wowedding/font/linearicons/demo.css]
[velikorodnov.com/html/wowedding/font/fontello/fontello8dc8.woff2]
[velikorodnov.com/html/wowedding/font/fontello/fontello8dc8.woff]
[velikorodnov.com/html/wowedding/font/linearicons/Linearicons.ttf]
[velikorodnov.com/html/wowedding/font/fontello/fontello.css]
[velikorodnov.com/html/wowedding/plugins/fancybox/jquery.fancybox.css]
[velikorodnov.com/html/wowedding/css/bootstrap-grid.min.css]
[velikorodnov.com/html/wowedding/font/fontello/fontello8dc8.svg]
[velikorodnov.com/html/wowedding/css/owl.video.play.3d.delayed]
[velikorodnov.com/html/wowedding/css/owl.carousel.css]
[velikorodnov.com/html/wowedding/images/1920x700_bg.jpg]
[velikorodnov.com/html/wowedding/images/1920x757_bg1.jpg]
[velikorodnov.com/html/wowedding/images/322x535_top_bg.jpg]
[velikorodnov.com/html/wowedding/font/fontello/fontello8dc8.eot]
[velikorodnov.com/html/wowedding/images/322x407_bottom_bg.jpg]
[velikorodnov.com/html/wowedding/images/icon_zoomin.png]
[velikorodnov.com/html/wowedding/images/photo-border.png]
[velikorodnov.com/html/wowedding/css/style.css]
[velikorodnov.com/html/wowedding/css/responsive.css]
[velikorodnov.com/html/wowedding/images/logo2.png]
[velikorodnov.com/html/wowedding/home_3.html]
[velikorodnov.com/html/wowedding/home_4.html]
[velikorodnov.com/html/wowedding/home_card.html]
[velikorodnov.com/html/wowedding/home_5.html]
[velikorodnov.com/html/wowedding/home_6.html]
[velikorodnov.com/html/wowedding/home_7.html]
[velikorodnov.com/html/wowedding/home_8.html]
[velikorodnov.com/html/wowedding/about_us.html]
[velikorodnov.com/html/wowedding/story.html]
[velikorodnov.com/html/wowedding/team.html]
[velikorodnov.com/html/wowedding/services.html]
[velikorodnov.com/html/wowedding/gift.html]
[velikorodnov.com/html/wowedding/rsvp.html]
[velikorodnov.com/html/wowedding/contact_v1.html]
[velikorodnov.com/html/wowedding/contact_v2.html]
[velikorodnov.com/html/wowedding/coming_soon.html]
[velikorodnov.com/html/wowedding/404_page.html]
[velikorodnov.com/html/wowedding/portfolio_classic_2.html]
[velikorodnov.com/html/wowedding/portfolio_classic_2_wide.html]
[velikorodnov.com/html/wowedding/portfolio_grid_3.html]
[velikorodnov.com/html/wowedding/font/fontello/fontello8dc8.ttf]
[velikorodnov.com/html/wowedding/portfolio_grid_3_wide.html]
[velikorodnov.com/html/wowedding/portfolio_masonry_4.html]
[velikorodnov.com/html/wowedding/portfolio_masonry_4_wide.html]
[velikorodnov.com/html/wowedding/portfolio_pinterest_4.html]
[velikorodnov.com/html/wowedding/portfolio_pinterest_4_wide.html]
[velikorodnov.com/html/wowedding/portfolio_gallery.html]
[velikorodnov.com/html/wowedding/portfolio_single_small.html]
[velikorodnov.com/html/wowedding/portfolio_single_big.html]
[velikorodnov.com/html/wowedding/portfolio_single_gallery.html]
[velikorodnov.com/html/wowedding/shortcodes_accordions.html]
[velikorodnov.com/html/wowedding/shortcodes_buttons.html]
[velikorodnov.com/html/wowedding/shortcodes_call_to_action.html]
[velikorodnov.com/html/wowedding/shortcodes_counters.html]
[velikorodnov.com/html/wowedding/shortcodes_icons.html]
[velikorodnov.com/html/wowedding/shortcodes_tables.html]
[velikorodnov.com/html/wowedding/shortcodes_tabs.html]
[velikorodnov.com/html/wowedding/shortcodes_team.html]
[velikorodnov.com/html/wowedding/shortcodes_testimonials.html]
[velikorodnov.com/html/wowedding/shortcodes_dropcaps.html]
[velikorodnov.com/html/wowedding/shortcodes_headings.html]
[velikorodnov.com/html/wowedding/shortcodes_tooltips.html]
[velikorodnov.com/html/wowedding/rtl/index.html]
[velikorodnov.com/html/wowedding/header_6.html]
[velikorodnov.com/html/wowedding/header_7.html]
[velikorodnov.com/html/wowedding/blog_classic.html]
[velikorodnov.com/html/wowedding/blog_masonry.html]
[velikorodnov.com/html/wowedding/blog_timeline.html]
[velikorodnov.com/html/wowedding/blog_single.html]
[velikorodnov.com/html/wowedding/shop_front.html]
[velikorodnov.com/html/wowedding/shop_single.html]
[velikorodnov.com/html/wowedding/shop_cart.html]
[velikorodnov.com/html/wowedding/shop_checkout.html]
[velikorodnov.com/html/wowedding/shop_account.html]
[velikorodnov.com/html/wowedding/images/1350x827_img1.jpg]
[velikorodnov.com/html/wowedding/images/1350x827_img2.jpg]
[velikorodnov.com/html/wowedding/images/1350x827_img3.jpg]
[velikorodnov.com/html/wowedding/images/780x588_img.jpg]
[velikorodnov.com/html/wowedding/images/430x430_photo1.jpg]
[velikorodnov.com/html/wowedding/images/430x430_photo2.jpg]
[velikorodnov.com/html/wowedding/images/675x644_img1.jpg]
[velikorodnov.com/html/wowedding/images/675x644_img2.jpg]
[velikorodnov.com/html/wowedding/images/1350x1300_bg1.jpg]
[connect.facebook.net/en_US/sdk.js]
[velikorodnov.com/html/wowedding/plugins/scrollMagic.min.js]
[velikorodnov.com/html/wowedding/index.html]
[velikorodnov.com/html/wowedding/plugins/jquery.countdown.min.js]
[velikorodnov.com/html/wowedding/font/fontello/fontello8dc8.svg]
[velikorodnov.com/html/wowedding/css/jquery.multiscroll.css]
[velikorodnov.com/html/wowedding/images/960x1092_img1.jpg]
[velikorodnov.com/html/wowedding/images/960x1092_img4.jpg]
[velikorodnov.com/html/wowedding/images/960x1092_img6.jpg]
[velikorodnov.com/html/wowedding/images/960x1092_img3.jpg]
[velikorodnov.com/html/wowedding/images/960x1092_img2.jpg]
[velikorodnov.com/html/wowedding/images/960x1092_img5.jpg]
[velikorodnov.com/html/wowedding/images/960x1092_img7.jpg]
[velikorodnov.com/html/wowedding/plugins/jquery.multiscroll.min.js]
[velikorodnov.com/html/wowedding/plugins/jquery.easings.min.js]
[velikorodnov.com/html/wowedding/home_3.html]
[velikorodnov.com/html/wowedding/images/1920x1092_bg2.jpg]
[velikorodnov.com/html/wowedding/images/960x504_img1.jpg]
[velikorodnov.com/html/wowedding/images/480x504_img1.jpg]
[velikorodnov.com/html/wowedding/images/480x504_img2.jpg]
[velikorodnov.com/html/wowedding/images/480x504_img3.jpg]
[velikorodnov.com/html/wowedding/home_4.html]
[velikorodnov.com/html/wowedding/home_card.html]
[velikorodnov.com/html/wowedding/home_5.html]
[velikorodnov.com/html/wowedding/home_6.html]
[velikorodnov.com/html/wowedding/home_7.html]
[velikorodnov.com/html/wowedding/home_8.html]
[velikorodnov.com/html/wowedding/about_us.html]
[velikorodnov.com/html/wowedding/story.html]
[velikorodnov.com/html/wowedding/team.html]
[velikorodnov.com/html/wowedding/services.html]
[velikorodnov.com/html/wowedding/gift.html]
[velikorodnov.com/html/wowedding/rsvp.html]
[velikorodnov.com/html/wowedding/contact_v1.html]
[velikorodnov.com/html/wowedding/contact_v2.html]
[velikorodnov.com/html/wowedding/coming_soon.html]
[velikorodnov.com/html/wowedding/404_page.html]
[velikorodnov.com/html/wowedding/portfolio_classic_2.html]
[velikorodnov.com/html/wowedding/portfolio_classic_2_wide.html]
[velikorodnov.com/html/wowedding/portfolio_grid_3.html]
[velikorodnov.com/html/wowedding/portfolio_grid_3_wide.html]
[velikorodnov.com/html/wowedding/portfolio_masonry_4.html]
[velikorodnov.com/html/wowedding/portfolio_masonry_4_wide.html]
[velikorodnov.com/html/wowedding/portfolio_pinterest_4.html]
[velikorodnov.com/html/wowedding/portfolio_pinterest_4_wide.html]
[velikorodnov.com/html/wowedding/portfolio_gallery.html]
[velikorodnov.com/html/wowedding/portfolio_single_small.html]
[velikorodnov.com/html/wowedding/portfolio_single_big.html]
[velikorodnov.com/html/wowedding/portfolio_single_gallery.html]
[velikorodnov.com/html/wowedding/shortcodes_accordions.html]
[velikorodnov.com/html/wowedding/shortcodes_buttons.html]
[velikorodnov.com/html/wowedding/shortcodes_call_to_action.html]
[velikorodnov.com/html/wowedding/shortcodes_counters.html]
[velikorodnov.com/html/wowedding/shortcodes_icons.html]
[velikorodnov.com/html/wowedding/shortcodes_tables.html]
[velikorodnov.com/html/wowedding/shortcodes_tabs.html]
[velikorodnov.com/html/wowedding/shortcodes_team.html]
[velikorodnov.com/html/wowedding/shortcodes_testimonials.html]
[velikorodnov.com/html/wowedding/shortcodes_dropcaps.html]
[velikorodnov.com/html/wowedding/shortcodes_headings.html]
[velikorodnov.com/html/wowedding/shortcodes_tooltips.html]
[velikorodnov.com/html/wowedding/rtl/images/brand2.png]
[velikorodnov.com/html/wowedding/rtl/images/brand3.png]
[velikorodnov.com/html/wowedding/rtl/images/brand4.png]
[velikorodnov.com/html/wowedding/rtl/index.html]
[velikorodnov.com/html/wowedding/header_6.html]
[velikorodnov.com/html/wowedding/header_7.html]
[velikorodnov.com/html/wowedding/blog_classic.html]
[velikorodnov.com/html/wowedding/blog_masonry.html]
[velikorodnov.com/html/wowedding/blog_timeline.html]
[velikorodnov.com/html/wowedding/blog_single.html]
[velikorodnov.com/html/wowedding/shop_front.html]
[velikorodnov.com/html/wowedding/shop_single.html]
[velikorodnov.com/html/wowedding/shop_cart.html]
[velikorodnov.com/html/wowedding/shop_checkout.html]
[velikorodnov.com/html/wowedding/shop_account.html]
[connect.facebook.net/en_US/sdk.js]
[velikorodnov.com/html/wowedding/css/jquery.multiscroll.css]
[velikorodnov.com/html/wowedding/rtl/images/brand4.png]
[velikorodnov.com/html/wowedding/rtl/images/brand6.png]
[platform.twitter.com/widgets.js]
